[error]:这是一条警告信息[error]:这是一条警告信息[error]:这是一条警告信息[error]:这是一条警告信息
[error]:这是一条警告信息
[error]:这是一条警告信息
[error]:这是一条警告信息
[error]:这是一条警告信息
[error]:这是一条警告信息
[error]:这是一条警告信息
[error]:这是一条警告信息
[error]:这是一条警告信息
[error]:这是一条警告信息
[error]:这是一条警告信息
这是一条错误信息
这是一条错误信息
这是一条错误信息
这是一条错误信息
这是一条错误信息
这是一条错误信息
这是一条错误信息
这是一条错误信息
这是一条错误信息
这是一条错误信息
这是一条错误信息
这是一条错误信息
这是一条错误信息
这是一条错误信息
这是一条错误信息
[error]:这是一条错误信息
[error]:这是一条错误信息
[error]:这是一条错误信息
[error]:这是一条错误信息
[error]:这是一条错误信息
[error]:这是一条错误信息
[error]:这是一条错误信息
[error]:这是一条错误信息
[error]:这是一条错误信息
[error]:这是一条错误信息
[error]:这是一条错误信息
[error]:这是一条错误信息
[error]:这是一条错误信息
[error]:这是一条错误信息
[error]:这是一条错误信息
[error]:这是一条错误信息
[error]:这是一条错误信息
[error]:这是一条错误信息
[error]:这是一条错误信息
[error]:这是一条错误信息
[error]:这是一条错误信息
[error]:这是一条错误信息
[error]:这是一条错误信息
[error]:这是一条错误信息
[warning]:这是一条错误信息
[warning]:这是一条错误信息
[warning]:这是一条错误信息
[warning]:这是一条错误信息
[warning]:这是一条错误信息
[info]:这是一条错误信息
[info]:这是一条错误信息
[info]:这是一条错误信息
[info]:这是一条错误信息
