2025-10-27T09:50:53.835+08:00  INFO 24868 --- [micro-demo-order] [main] c.t.micro.demo.order.OrderApplication    : Starting OrderApplication using Java 21.0.7 with PID 24868 (I:\20250820\micro-demo-2507\micro-demo-order\target\classes started by snl19 in I:\20250820\micro-demo-2507)
2025-10-27T09:50:53.847+08:00 DEBUG 24868 --- [micro-demo-order] [main] c.t.micro.demo.order.OrderApplication    : Running with Spring Boot v3.3.3, Spring v6.1.12
2025-10-27T09:50:53.848+08:00  INFO 24868 --- [micro-demo-order] [main] c.t.micro.demo.order.OrderApplication    : No active profile set, falling back to 1 default profile: "default"
2025-10-27T09:50:54.665+08:00  INFO 24868 --- [micro-demo-order] [main] o.s.cloud.context.scope.GenericScope     : BeanFactory id=6d1a6b6d-64bb-3e2c-b8b4-e04468bda68c
2025-10-27T09:50:54.803+08:00  WARN 24868 --- [micro-demo-order] [main] trationDelegate$BeanPostProcessorChecker : Bean 'org.springframework.cloud.client.loadbalancer.LoadBalancerAutoConfiguration$DeferringLoadBalancerInterceptorConfig' of type [org.springframework.cloud.client.loadbalancer.LoadBalancerAutoConfiguration$DeferringLoadBalancerInterceptorConfig] is not eligible for getting processed by all BeanPostProcessors (for example: not eligible for auto-proxying). The currently created BeanPostProcessor [lbRestClientPostProcessor] is declared through a non-static factory method on that class; consider declaring it as static instead.
2025-10-27T09:50:54.806+08:00  WARN 24868 --- [micro-demo-order] [main] trationDelegate$BeanPostProcessorChecker : Bean 'deferringLoadBalancerInterceptor' of type [org.springframework.cloud.client.loadbalancer.DeferringLoadBalancerInterceptor] is not eligible for getting processed by all BeanPostProcessors (for example: not eligible for auto-proxying). Is this bean getting eagerly injected into a currently created BeanPostProcessor [lbRestClientPostProcessor]? Check the corresponding BeanPostProcessor declaration and its dependencies.
2025-10-27T09:50:55.081+08:00  INFO 24868 --- [micro-demo-order] [main] o.s.b.w.embedded.tomcat.TomcatWebServer  : Tomcat initialized with port 8100 (http)
2025-10-27T09:50:55.094+08:00  INFO 24868 --- [micro-demo-order] [main] o.apache.catalina.core.StandardService   : Starting service [Tomcat]
2025-10-27T09:50:55.095+08:00  INFO 24868 --- [micro-demo-order] [main] o.apache.catalina.core.StandardEngine    : Starting Servlet engine: [Apache Tomcat/10.1.28]
2025-10-27T09:50:55.175+08:00  INFO 24868 --- [micro-demo-order] [main] o.a.c.c.C.[Tomcat].[localhost].[/]       : Initializing Spring embedded WebApplicationContext
2025-10-27T09:50:55.175+08:00  INFO 24868 --- [micro-demo-order] [main] w.s.c.ServletWebServerApplicationContext : Root WebApplicationContext: initialization completed in 1280 ms
2025-10-27T09:50:55.649+08:00  INFO 24868 --- [micro-demo-order] [main] o.s.c.openfeign.FeignClientFactoryBean   : For 'device-service' URL not provided. Will try picking an instance via load-balancing.
2025-10-27T09:51:08.452+08:00  WARN 24868 --- [micro-demo-order] [main] iguration$LoadBalancerCaffeineWarnLogger : Spring Cloud LoadBalancer is currently working with the default cache. While this cache implementation is useful for development and tests, it's recommended to use Caffeine cache in production.You can switch to using Caffeine cache, by adding it and org.springframework.cache.caffeine.CaffeineCacheManager to the classpath.
2025-10-27T09:51:08.494+08:00  INFO 24868 --- [micro-demo-order] [main] o.s.b.w.embedded.tomcat.TomcatWebServer  : Tomcat started on port 8100 (http) with context path '/'
2025-10-27T09:51:08.502+08:00  INFO 24868 --- [micro-demo-order] [main] com.alibaba.nacos.client.naming          : initializer namespace from ans.namespace attribute : null
2025-10-27T09:51:08.504+08:00  INFO 24868 --- [micro-demo-order] [main] com.alibaba.nacos.client.naming          : initializer namespace from ALIBABA_ALIWARE_NAMESPACE attribute :null
2025-10-27T09:51:08.504+08:00  INFO 24868 --- [micro-demo-order] [main] com.alibaba.nacos.client.naming          : initializer namespace from namespace attribute :null
2025-10-27T09:51:08.506+08:00  INFO 24868 --- [micro-demo-order] [Thread-3] c.a.n.c.a.r.identify.CredentialWatcher   : null No credential found
2025-10-27T09:51:08.518+08:00  INFO 24868 --- [micro-demo-order] [main] com.alibaba.nacos.client.naming          : FailoverDataSource type is class com.alibaba.nacos.client.naming.backups.datasource.DiskFailoverDataSource
2025-10-27T09:51:08.530+08:00  INFO 24868 --- [micro-demo-order] [main] c.alibaba.nacos.client.utils.ParamUtil   : [settings] [req-serv] nacos-server port:8848
2025-10-27T09:51:08.530+08:00  INFO 24868 --- [micro-demo-order] [main] c.alibaba.nacos.client.utils.ParamUtil   : [settings] [http-client] connect timeout:1000
2025-10-27T09:51:08.531+08:00  INFO 24868 --- [micro-demo-order] [main] c.alibaba.nacos.client.utils.ParamUtil   : PER_TASK_CONFIG_SIZE: 3000.0
2025-10-27T09:51:08.537+08:00  INFO 24868 --- [micro-demo-order] [main] c.a.n.p.a.s.c.ClientAuthPluginManager    : [ClientAuthPluginManager] Load ClientAuthService com.alibaba.nacos.client.auth.impl.NacosClientAuthServiceImpl success.
2025-10-27T09:51:08.537+08:00  INFO 24868 --- [micro-demo-order] [main] c.a.n.p.a.s.c.ClientAuthPluginManager    : [ClientAuthPluginManager] Load ClientAuthService com.alibaba.nacos.client.auth.ram.RamClientAuthServiceImpl success.
2025-10-27T09:51:08.549+08:00  INFO 24868 --- [micro-demo-order] [main] com.alibaba.nacos.common.remote.client   : [RpcClientFactory] create a new rpc client of ac95d19b-1b41-44db-b7b8-6c53e1154304
2025-10-27T09:51:08.570+08:00  INFO 24868 --- [micro-demo-order] [main] com.alibaba.nacos.client.naming          : Create naming rpc client for uuid->ac95d19b-1b41-44db-b7b8-6c53e1154304
2025-10-27T09:51:08.571+08:00  INFO 24868 --- [micro-demo-order] [main] com.alibaba.nacos.common.remote.client   : [ac95d19b-1b41-44db-b7b8-6c53e1154304] RpcClient init, ServerListFactory = com.alibaba.nacos.client.naming.core.ServerListManager
2025-10-27T09:51:08.571+08:00  INFO 24868 --- [micro-demo-order] [main] com.alibaba.nacos.common.remote.client   : [ac95d19b-1b41-44db-b7b8-6c53e1154304] Registry connection listener to current client:com.alibaba.nacos.client.naming.remote.gprc.redo.NamingGrpcRedoService
2025-10-27T09:51:08.571+08:00  INFO 24868 --- [micro-demo-order] [main] com.alibaba.nacos.common.remote.client   : [ac95d19b-1b41-44db-b7b8-6c53e1154304] Register server push request handler:com.alibaba.nacos.client.naming.remote.gprc.NamingPushRequestHandler
2025-10-27T09:51:08.574+08:00  INFO 24868 --- [micro-demo-order] [main] com.alibaba.nacos.common.remote.client   : [ac95d19b-1b41-44db-b7b8-6c53e1154304] Try to connect to server on start up, server: {serverIp = 'localhost', server main port = 8848}
2025-10-27T09:51:08.598+08:00  INFO 24868 --- [micro-demo-order] [main] c.a.n.c.remote.client.grpc.GrpcClient    : grpc client connection server:localhost ip,serverPort:9848,grpcTslConfig:{"sslProvider":"","enableTls":false,"mutualAuthEnable":false,"trustAll":false}
2025-10-27T09:51:09.190+08:00  INFO 24868 --- [micro-demo-order] [main] c.a.n.c.a.AbstractAbilityControlManager  : Ready to get current node abilities...
2025-10-27T09:51:09.192+08:00  INFO 24868 --- [micro-demo-order] [main] c.a.n.c.a.AbstractAbilityControlManager  : Ready to initialize current node abilities, support modes: [SDK_CLIENT]
2025-10-27T09:51:09.193+08:00  INFO 24868 --- [micro-demo-order] [main] c.a.n.c.a.AbstractAbilityControlManager  : Initialize current abilities finish...
2025-10-27T09:51:09.193+08:00  INFO 24868 --- [micro-demo-order] [main] c.a.n.c.a.d.NacosAbilityManagerHolder    : [AbilityControlManager] Successfully initialize AbilityControlManager
2025-10-27T09:51:09.310+08:00  INFO 24868 --- [micro-demo-order] [main] com.alibaba.nacos.common.remote.client   : [ac95d19b-1b41-44db-b7b8-6c53e1154304] Success to connect to server [localhost:8848] on start up, connectionId = 1761529869101_127.0.0.1_55753
2025-10-27T09:51:09.310+08:00  INFO 24868 --- [micro-demo-order] [com.alibaba.nacos.client.remote.worker.0] com.alibaba.nacos.common.remote.client   : [ac95d19b-1b41-44db-b7b8-6c53e1154304] Notify connected event to listeners.
2025-10-27T09:51:09.310+08:00  INFO 24868 --- [micro-demo-order] [com.alibaba.nacos.client.remote.worker.0] com.alibaba.nacos.client.naming          : Grpc connection connect
2025-10-27T09:51:09.310+08:00  INFO 24868 --- [micro-demo-order] [main] com.alibaba.nacos.common.remote.client   : [ac95d19b-1b41-44db-b7b8-6c53e1154304] Register server push request handler:com.alibaba.nacos.common.remote.client.RpcClient$ConnectResetRequestHandler
2025-10-27T09:51:09.312+08:00  INFO 24868 --- [micro-demo-order] [main] com.alibaba.nacos.common.remote.client   : [ac95d19b-1b41-44db-b7b8-6c53e1154304] Register server push request handler:com.alibaba.nacos.common.remote.client.RpcClient$$Lambda/0x000002243369f420
2025-10-27T09:51:09.312+08:00  INFO 24868 --- [micro-demo-order] [main] com.alibaba.nacos.client.naming          : [REGISTER-SERVICE] public registering service order-service with instance Instance{instanceId='null', ip='172.78.17.191', port=8100, weight=1.0, healthy=true, enabled=true, ephemeral=true, clusterName='DEFAULT', serviceName='null', metadata={IPv6=[2409:8a45:73:b480:b93e:2464:f150:1bc1], preserved.register.source=SPRING_CLOUD}}
2025-10-27T09:51:09.338+08:00  INFO 24868 --- [micro-demo-order] [main] c.a.c.n.registry.NacosServiceRegistry    : nacos registry, DEFAULT_GROUP order-service 172.78.17.191:8100 register finished
2025-10-27T09:51:09.347+08:00  INFO 24868 --- [micro-demo-order] [main] c.t.micro.demo.order.OrderApplication    : Started OrderApplication in 16.024 seconds (process running for 16.547)
2025-10-27T09:56:37.099+08:00  INFO 24868 --- [micro-demo-order] [http-nio-8100-exec-1] o.a.c.c.C.[Tomcat].[localhost].[/]       : Initializing Spring DispatcherServlet 'dispatcherServlet'
2025-10-27T09:56:37.102+08:00  INFO 24868 --- [micro-demo-order] [http-nio-8100-exec-1] o.s.web.servlet.DispatcherServlet        : Initializing Servlet 'dispatcherServlet'
2025-10-27T09:56:37.108+08:00  INFO 24868 --- [micro-demo-order] [http-nio-8100-exec-1] o.s.web.servlet.DispatcherServlet        : Completed initialization in 6 ms
2025-10-27T10:44:25.010+08:00  INFO 45132 --- [micro-demo-order] [main] c.t.micro.demo.order.OrderApplication    : Starting OrderApplication using Java 21.0.7 with PID 45132 (I:\20250820\micro-demo-2507\micro-demo-order\target\classes started by snl19 in I:\20250820\micro-demo-2507)
2025-10-27T10:44:25.012+08:00 DEBUG 45132 --- [micro-demo-order] [main] c.t.micro.demo.order.OrderApplication    : Running with Spring Boot v3.3.3, Spring v6.1.12
2025-10-27T10:44:25.013+08:00  INFO 45132 --- [micro-demo-order] [main] c.t.micro.demo.order.OrderApplication    : No active profile set, falling back to 1 default profile: "default"
2025-10-27T10:44:25.782+08:00  INFO 45132 --- [micro-demo-order] [main] o.s.cloud.context.scope.GenericScope     : BeanFactory id=6d1a6b6d-64bb-3e2c-b8b4-e04468bda68c
2025-10-27T10:44:25.915+08:00  WARN 45132 --- [micro-demo-order] [main] trationDelegate$BeanPostProcessorChecker : Bean 'org.springframework.cloud.client.loadbalancer.LoadBalancerAutoConfiguration$DeferringLoadBalancerInterceptorConfig' of type [org.springframework.cloud.client.loadbalancer.LoadBalancerAutoConfiguration$DeferringLoadBalancerInterceptorConfig] is not eligible for getting processed by all BeanPostProcessors (for example: not eligible for auto-proxying). The currently created BeanPostProcessor [lbRestClientPostProcessor] is declared through a non-static factory method on that class; consider declaring it as static instead.
2025-10-27T10:44:25.917+08:00  WARN 45132 --- [micro-demo-order] [main] trationDelegate$BeanPostProcessorChecker : Bean 'deferringLoadBalancerInterceptor' of type [org.springframework.cloud.client.loadbalancer.DeferringLoadBalancerInterceptor] is not eligible for getting processed by all BeanPostProcessors (for example: not eligible for auto-proxying). Is this bean getting eagerly injected into a currently created BeanPostProcessor [lbRestClientPostProcessor]? Check the corresponding BeanPostProcessor declaration and its dependencies.
2025-10-27T10:44:26.176+08:00  INFO 45132 --- [micro-demo-order] [main] o.s.b.w.embedded.tomcat.TomcatWebServer  : Tomcat initialized with port 8102 (http)
2025-10-27T10:44:26.191+08:00  INFO 45132 --- [micro-demo-order] [main] o.apache.catalina.core.StandardService   : Starting service [Tomcat]
2025-10-27T10:44:26.191+08:00  INFO 45132 --- [micro-demo-order] [main] o.apache.catalina.core.StandardEngine    : Starting Servlet engine: [Apache Tomcat/10.1.28]
2025-10-27T10:44:26.266+08:00  INFO 45132 --- [micro-demo-order] [main] o.a.c.c.C.[Tomcat].[localhost].[/]       : Initializing Spring embedded WebApplicationContext
2025-10-27T10:44:26.266+08:00  INFO 45132 --- [micro-demo-order] [main] w.s.c.ServletWebServerApplicationContext : Root WebApplicationContext: initialization completed in 1210 ms
2025-10-27T10:44:26.791+08:00  INFO 45132 --- [micro-demo-order] [main] o.s.c.openfeign.FeignClientFactoryBean   : For 'device-service' URL not provided. Will try picking an instance via load-balancing.
2025-10-27T10:44:38.516+08:00  WARN 45132 --- [micro-demo-order] [main] iguration$LoadBalancerCaffeineWarnLogger : Spring Cloud LoadBalancer is currently working with the default cache. While this cache implementation is useful for development and tests, it's recommended to use Caffeine cache in production.You can switch to using Caffeine cache, by adding it and org.springframework.cache.caffeine.CaffeineCacheManager to the classpath.
2025-10-27T10:44:38.550+08:00  INFO 45132 --- [micro-demo-order] [main] o.s.b.w.embedded.tomcat.TomcatWebServer  : Tomcat started on port 8102 (http) with context path '/'
2025-10-27T10:44:38.555+08:00  INFO 45132 --- [micro-demo-order] [main] com.alibaba.nacos.client.naming          : initializer namespace from ans.namespace attribute : null
2025-10-27T10:44:38.557+08:00  INFO 45132 --- [micro-demo-order] [main] com.alibaba.nacos.client.naming          : initializer namespace from ALIBABA_ALIWARE_NAMESPACE attribute :null
2025-10-27T10:44:38.557+08:00  INFO 45132 --- [micro-demo-order] [Thread-3] c.a.n.c.a.r.identify.CredentialWatcher   : null No credential found
2025-10-27T10:44:38.557+08:00  INFO 45132 --- [micro-demo-order] [main] com.alibaba.nacos.client.naming          : initializer namespace from namespace attribute :null
2025-10-27T10:44:38.571+08:00  INFO 45132 --- [micro-demo-order] [main] com.alibaba.nacos.client.naming          : FailoverDataSource type is class com.alibaba.nacos.client.naming.backups.datasource.DiskFailoverDataSource
2025-10-27T10:44:38.580+08:00  INFO 45132 --- [micro-demo-order] [main] c.alibaba.nacos.client.utils.ParamUtil   : [settings] [req-serv] nacos-server port:8848
2025-10-27T10:44:38.580+08:00  INFO 45132 --- [micro-demo-order] [main] c.alibaba.nacos.client.utils.ParamUtil   : [settings] [http-client] connect timeout:1000
2025-10-27T10:44:38.581+08:00  INFO 45132 --- [micro-demo-order] [main] c.alibaba.nacos.client.utils.ParamUtil   : PER_TASK_CONFIG_SIZE: 3000.0
2025-10-27T10:44:38.586+08:00  INFO 45132 --- [micro-demo-order] [main] c.a.n.p.a.s.c.ClientAuthPluginManager    : [ClientAuthPluginManager] Load ClientAuthService com.alibaba.nacos.client.auth.impl.NacosClientAuthServiceImpl success.
2025-10-27T10:44:38.586+08:00  INFO 45132 --- [micro-demo-order] [main] c.a.n.p.a.s.c.ClientAuthPluginManager    : [ClientAuthPluginManager] Load ClientAuthService com.alibaba.nacos.client.auth.ram.RamClientAuthServiceImpl success.
2025-10-27T10:44:38.592+08:00  INFO 45132 --- [micro-demo-order] [main] com.alibaba.nacos.common.remote.client   : [RpcClientFactory] create a new rpc client of 80d0987f-fd47-4920-acef-b370b439eeb9
2025-10-27T10:44:38.607+08:00  INFO 45132 --- [micro-demo-order] [main] com.alibaba.nacos.client.naming          : Create naming rpc client for uuid->80d0987f-fd47-4920-acef-b370b439eeb9
2025-10-27T10:44:38.607+08:00  INFO 45132 --- [micro-demo-order] [main] com.alibaba.nacos.common.remote.client   : [80d0987f-fd47-4920-acef-b370b439eeb9] RpcClient init, ServerListFactory = com.alibaba.nacos.client.naming.core.ServerListManager
2025-10-27T10:44:38.607+08:00  INFO 45132 --- [micro-demo-order] [main] com.alibaba.nacos.common.remote.client   : [80d0987f-fd47-4920-acef-b370b439eeb9] Registry connection listener to current client:com.alibaba.nacos.client.naming.remote.gprc.redo.NamingGrpcRedoService
2025-10-27T10:44:38.607+08:00  INFO 45132 --- [micro-demo-order] [main] com.alibaba.nacos.common.remote.client   : [80d0987f-fd47-4920-acef-b370b439eeb9] Register server push request handler:com.alibaba.nacos.client.naming.remote.gprc.NamingPushRequestHandler
2025-10-27T10:44:38.609+08:00  INFO 45132 --- [micro-demo-order] [main] com.alibaba.nacos.common.remote.client   : [80d0987f-fd47-4920-acef-b370b439eeb9] Try to connect to server on start up, server: {serverIp = 'localhost', server main port = 8848}
2025-10-27T10:44:38.634+08:00  INFO 45132 --- [micro-demo-order] [main] c.a.n.c.remote.client.grpc.GrpcClient    : grpc client connection server:localhost ip,serverPort:9848,grpcTslConfig:{"sslProvider":"","enableTls":false,"mutualAuthEnable":false,"trustAll":false}
2025-10-27T10:44:39.044+08:00  INFO 45132 --- [micro-demo-order] [main] c.a.n.c.a.AbstractAbilityControlManager  : Ready to get current node abilities...
2025-10-27T10:44:39.044+08:00  INFO 45132 --- [micro-demo-order] [main] c.a.n.c.a.AbstractAbilityControlManager  : Ready to initialize current node abilities, support modes: [SDK_CLIENT]
2025-10-27T10:44:39.045+08:00  INFO 45132 --- [micro-demo-order] [main] c.a.n.c.a.AbstractAbilityControlManager  : Initialize current abilities finish...
2025-10-27T10:44:39.045+08:00  INFO 45132 --- [micro-demo-order] [main] c.a.n.c.a.d.NacosAbilityManagerHolder    : [AbilityControlManager] Successfully initialize AbilityControlManager
2025-10-27T10:44:39.158+08:00  INFO 45132 --- [micro-demo-order] [main] com.alibaba.nacos.common.remote.client   : [80d0987f-fd47-4920-acef-b370b439eeb9] Success to connect to server [localhost:8848] on start up, connectionId = 1761533078981_127.0.0.1_52232
2025-10-27T10:44:39.158+08:00  INFO 45132 --- [micro-demo-order] [com.alibaba.nacos.client.remote.worker.0] com.alibaba.nacos.common.remote.client   : [80d0987f-fd47-4920-acef-b370b439eeb9] Notify connected event to listeners.
2025-10-27T10:44:39.158+08:00  INFO 45132 --- [micro-demo-order] [main] com.alibaba.nacos.common.remote.client   : [80d0987f-fd47-4920-acef-b370b439eeb9] Register server push request handler:com.alibaba.nacos.common.remote.client.RpcClient$ConnectResetRequestHandler
2025-10-27T10:44:39.158+08:00  INFO 45132 --- [micro-demo-order] [com.alibaba.nacos.client.remote.worker.0] com.alibaba.nacos.client.naming          : Grpc connection connect
2025-10-27T10:44:39.159+08:00  INFO 45132 --- [micro-demo-order] [main] com.alibaba.nacos.common.remote.client   : [80d0987f-fd47-4920-acef-b370b439eeb9] Register server push request handler:com.alibaba.nacos.common.remote.client.RpcClient$$Lambda/0x00000230816b6fc8
2025-10-27T10:44:39.159+08:00  INFO 45132 --- [micro-demo-order] [main] com.alibaba.nacos.client.naming          : [REGISTER-SERVICE] public registering service order-service with instance Instance{instanceId='null', ip='172.78.17.191', port=8102, weight=1.0, healthy=true, enabled=true, ephemeral=true, clusterName='DEFAULT', serviceName='null', metadata={IPv6=[2409:8a45:73:b480:b93e:2464:f150:1bc1], preserved.register.source=SPRING_CLOUD}}
2025-10-27T10:44:39.176+08:00  INFO 45132 --- [micro-demo-order] [main] c.a.c.n.registry.NacosServiceRegistry    : nacos registry, DEFAULT_GROUP order-service 172.78.17.191:8102 register finished
2025-10-27T10:44:39.186+08:00  INFO 45132 --- [micro-demo-order] [main] c.t.micro.demo.order.OrderApplication    : Started OrderApplication in 14.607 seconds (process running for 15.001)
2025-10-27T10:44:51.681+08:00  INFO 45132 --- [micro-demo-order] [http-nio-8102-exec-1] o.a.c.c.C.[Tomcat].[localhost].[/]       : Initializing Spring DispatcherServlet 'dispatcherServlet'
2025-10-27T10:44:51.682+08:00  INFO 45132 --- [micro-demo-order] [http-nio-8102-exec-1] o.s.web.servlet.DispatcherServlet        : Initializing Servlet 'dispatcherServlet'
2025-10-27T10:44:51.687+08:00  INFO 45132 --- [micro-demo-order] [http-nio-8102-exec-1] o.s.web.servlet.DispatcherServlet        : Completed initialization in 3 ms
2025-10-27T10:45:19.922+08:00  WARN 45132 --- [micro-demo-order] [Thread-7] c.a.n.common.http.HttpClientBeanHolder   : [HttpClientBeanHolder] Start destroying common HttpClient
2025-10-27T10:45:19.922+08:00  WARN 45132 --- [micro-demo-order] [Thread-7] c.a.n.common.http.HttpClientBeanHolder   : [HttpClientBeanHolder] Destruction of the end
2025-10-27T10:45:19.922+08:00  WARN 45132 --- [micro-demo-order] [Thread-5] c.a.nacos.common.notify.NotifyCenter     : [NotifyCenter] Start destroying Publisher
2025-10-27T10:45:19.922+08:00  WARN 45132 --- [micro-demo-order] [Thread-5] c.a.nacos.common.notify.NotifyCenter     : [NotifyCenter] Destruction of the end
2025-10-27T10:45:19.931+08:00  INFO 45132 --- [micro-demo-order] [SpringApplicationShutdownHook] c.a.c.n.registry.NacosServiceRegistry    : De-registering from Nacos Server now...
2025-10-27T10:45:19.931+08:00  INFO 45132 --- [micro-demo-order] [SpringApplicationShutdownHook] com.alibaba.nacos.client.naming          : [DEREGISTER-SERVICE] public deregistering service order-service with instance: Instance{instanceId='null', ip='172.78.17.191', port=8102, weight=1.0, healthy=true, enabled=true, ephemeral=true, clusterName='DEFAULT', serviceName='null', metadata={}}
2025-10-27T10:45:19.936+08:00  INFO 45132 --- [micro-demo-order] [SpringApplicationShutdownHook] c.a.c.n.registry.NacosServiceRegistry    : De-registration finished.
2025-10-27T10:45:19.936+08:00  INFO 45132 --- [micro-demo-order] [SpringApplicationShutdownHook] com.alibaba.nacos.client.naming          : com.alibaba.nacos.client.naming.cache.ServiceInfoHolder do shutdown begin
2025-10-27T10:45:19.936+08:00  INFO 45132 --- [micro-demo-order] [SpringApplicationShutdownHook] com.alibaba.nacos.client.naming          : com.alibaba.nacos.client.naming.backups.FailoverReactor do shutdown begin
2025-10-27T10:45:19.936+08:00  INFO 45132 --- [micro-demo-order] [SpringApplicationShutdownHook] com.alibaba.nacos.client.naming          : com.alibaba.nacos.client.naming.backups.FailoverReactor do shutdown stop
2025-10-27T10:45:19.936+08:00  INFO 45132 --- [micro-demo-order] [SpringApplicationShutdownHook] com.alibaba.nacos.client.naming          : com.alibaba.nacos.client.naming.cache.ServiceInfoHolder do shutdown stop
2025-10-27T10:45:19.936+08:00  INFO 45132 --- [micro-demo-order] [SpringApplicationShutdownHook] com.alibaba.nacos.client.naming          : com.alibaba.nacos.client.naming.remote.NamingClientProxyDelegate do shutdown begin
2025-10-27T10:45:19.937+08:00  INFO 45132 --- [micro-demo-order] [SpringApplicationShutdownHook] com.alibaba.nacos.client.naming          : com.alibaba.nacos.client.naming.core.ServiceInfoUpdateService do shutdown begin
2025-10-27T10:45:19.937+08:00  INFO 45132 --- [micro-demo-order] [SpringApplicationShutdownHook] com.alibaba.nacos.client.naming          : com.alibaba.nacos.client.naming.core.ServiceInfoUpdateService do shutdown stop
2025-10-27T10:45:19.937+08:00  INFO 45132 --- [micro-demo-order] [SpringApplicationShutdownHook] com.alibaba.nacos.client.naming          : com.alibaba.nacos.client.naming.core.ServerListManager do shutdown begin
2025-10-27T10:45:19.937+08:00  WARN 45132 --- [micro-demo-order] [SpringApplicationShutdownHook] com.alibaba.nacos.client.naming          : [NamingHttpClientManager] Start destroying NacosRestTemplate
2025-10-27T10:45:19.937+08:00  WARN 45132 --- [micro-demo-order] [SpringApplicationShutdownHook] com.alibaba.nacos.client.naming          : [NamingHttpClientManager] Destruction of the end
2025-10-27T10:45:19.937+08:00  INFO 45132 --- [micro-demo-order] [SpringApplicationShutdownHook] com.alibaba.nacos.client.naming          : com.alibaba.nacos.client.naming.core.ServerListManager do shutdown stop
2025-10-27T10:45:19.937+08:00  INFO 45132 --- [micro-demo-order] [SpringApplicationShutdownHook] com.alibaba.nacos.client.naming          : com.alibaba.nacos.client.naming.remote.http.NamingHttpClientProxy do shutdown begin
2025-10-27T10:45:19.937+08:00  WARN 45132 --- [micro-demo-order] [SpringApplicationShutdownHook] com.alibaba.nacos.client.naming          : [NamingHttpClientManager] Start destroying NacosRestTemplate
2025-10-27T10:45:19.937+08:00  WARN 45132 --- [micro-demo-order] [SpringApplicationShutdownHook] com.alibaba.nacos.client.naming          : [NamingHttpClientManager] Destruction of the end
2025-10-27T10:45:19.937+08:00  INFO 45132 --- [micro-demo-order] [SpringApplicationShutdownHook] com.alibaba.nacos.client.naming          : com.alibaba.nacos.client.naming.remote.http.NamingHttpClientProxy do shutdown stop
2025-10-27T10:45:19.937+08:00  INFO 45132 --- [micro-demo-order] [SpringApplicationShutdownHook] com.alibaba.nacos.client.naming          : Shutdown naming grpc client proxy for  uuid->80d0987f-fd47-4920-acef-b370b439eeb9
2025-10-27T10:45:19.937+08:00  INFO 45132 --- [micro-demo-order] [SpringApplicationShutdownHook] com.alibaba.nacos.client.naming          : Shutdown grpc redo service executor java.util.concurrent.ScheduledThreadPoolExecutor@7ec13984[Running, pool size = 1, active threads = 0, queued tasks = 1, completed tasks = 13]
2025-10-27T10:45:19.938+08:00  INFO 45132 --- [micro-demo-order] [SpringApplicationShutdownHook] com.alibaba.nacos.common.remote.client   : Shutdown rpc client, set status to shutdown
2025-10-27T10:45:19.938+08:00  INFO 45132 --- [micro-demo-order] [SpringApplicationShutdownHook] com.alibaba.nacos.common.remote.client   : Shutdown client event executor java.util.concurrent.ScheduledThreadPoolExecutor@3ef0e576[Running, pool size = 2, active threads = 2, queued tasks = 0, completed tasks = 0]
2025-10-27T10:45:19.938+08:00  INFO 45132 --- [micro-demo-order] [SpringApplicationShutdownHook] com.alibaba.nacos.common.remote.client   : Close current connection 1761533078981_127.0.0.1_52232
2025-10-27T10:45:19.939+08:00  WARN 45132 --- [micro-demo-order] [nacos-grpc-client-executor-localhost-17] c.a.n.c.remote.client.grpc.GrpcClient    : [1761533078981_127.0.0.1_52232]Ignore error event,isRunning:false,isAbandon=false
2025-10-27T10:45:19.940+08:00  INFO 45132 --- [micro-demo-order] [SpringApplicationShutdownHook] c.a.n.c.remote.client.grpc.GrpcClient    : Shutdown grpc executor java.util.concurrent.ThreadPoolExecutor@4fa0ee7e[Running, pool size = 5, active threads = 0, queued tasks = 0, completed tasks = 18]
2025-10-27T10:45:19.940+08:00  INFO 45132 --- [micro-demo-order] [SpringApplicationShutdownHook] com.alibaba.nacos.client.naming          : shutdown and remove naming rpc client  for uuid ->80d0987f-fd47-4920-acef-b370b439eeb9
2025-10-27T10:45:19.941+08:00  INFO 45132 --- [micro-demo-order] [SpringApplicationShutdownHook] c.a.n.c.a.r.identify.CredentialWatcher   : [null] CredentialWatcher is stopped
2025-10-27T10:45:19.941+08:00  INFO 45132 --- [micro-demo-order] [SpringApplicationShutdownHook] c.a.n.c.a.r.identify.CredentialService   : [null] CredentialService is freed
2025-10-27T10:45:19.941+08:00  INFO 45132 --- [micro-demo-order] [SpringApplicationShutdownHook] com.alibaba.nacos.client.naming          : com.alibaba.nacos.client.naming.remote.NamingClientProxyDelegate do shutdown stop
2025-10-27T20:17:13.478+08:00  WARN 24868 --- [micro-demo-order] [Thread-7] c.a.n.common.http.HttpClientBeanHolder   : [HttpClientBeanHolder] Start destroying common HttpClient
2025-10-27T20:17:13.478+08:00  WARN 24868 --- [micro-demo-order] [Thread-5] c.a.nacos.common.notify.NotifyCenter     : [NotifyCenter] Start destroying Publisher
2025-10-27T20:17:13.495+08:00  WARN 24868 --- [micro-demo-order] [Thread-5] c.a.nacos.common.notify.NotifyCenter     : [NotifyCenter] Destruction of the end
2025-10-27T20:17:13.501+08:00  WARN 24868 --- [micro-demo-order] [Thread-7] c.a.n.common.http.HttpClientBeanHolder   : [HttpClientBeanHolder] Destruction of the end
2025-10-27T20:17:13.634+08:00  INFO 24868 --- [micro-demo-order] [SpringApplicationShutdownHook] c.a.c.n.registry.NacosServiceRegistry    : De-registering from Nacos Server now...
2025-10-27T20:17:13.636+08:00  INFO 24868 --- [micro-demo-order] [SpringApplicationShutdownHook] com.alibaba.nacos.client.naming          : [DEREGISTER-SERVICE] public deregistering service order-service with instance: Instance{instanceId='null', ip='172.78.17.191', port=8100, weight=1.0, healthy=true, enabled=true, ephemeral=true, clusterName='DEFAULT', serviceName='null', metadata={}}
2025-10-27T20:17:13.683+08:00  INFO 24868 --- [micro-demo-order] [SpringApplicationShutdownHook] c.a.c.n.registry.NacosServiceRegistry    : De-registration finished.
2025-10-27T20:17:13.686+08:00  INFO 24868 --- [micro-demo-order] [SpringApplicationShutdownHook] com.alibaba.nacos.client.naming          : com.alibaba.nacos.client.naming.cache.ServiceInfoHolder do shutdown begin
2025-10-27T20:17:13.686+08:00  INFO 24868 --- [micro-demo-order] [SpringApplicationShutdownHook] com.alibaba.nacos.client.naming          : com.alibaba.nacos.client.naming.backups.FailoverReactor do shutdown begin
2025-10-27T20:17:13.687+08:00  INFO 24868 --- [micro-demo-order] [SpringApplicationShutdownHook] com.alibaba.nacos.client.naming          : com.alibaba.nacos.client.naming.backups.FailoverReactor do shutdown stop
2025-10-27T20:17:13.687+08:00  INFO 24868 --- [micro-demo-order] [SpringApplicationShutdownHook] com.alibaba.nacos.client.naming          : com.alibaba.nacos.client.naming.cache.ServiceInfoHolder do shutdown stop
2025-10-27T20:17:13.687+08:00  INFO 24868 --- [micro-demo-order] [SpringApplicationShutdownHook] com.alibaba.nacos.client.naming          : com.alibaba.nacos.client.naming.remote.NamingClientProxyDelegate do shutdown begin
2025-10-27T20:17:13.688+08:00  INFO 24868 --- [micro-demo-order] [SpringApplicationShutdownHook] com.alibaba.nacos.client.naming          : com.alibaba.nacos.client.naming.core.ServiceInfoUpdateService do shutdown begin
2025-10-27T20:17:13.688+08:00  INFO 24868 --- [micro-demo-order] [SpringApplicationShutdownHook] com.alibaba.nacos.client.naming          : com.alibaba.nacos.client.naming.core.ServiceInfoUpdateService do shutdown stop
2025-10-27T20:17:13.688+08:00  INFO 24868 --- [micro-demo-order] [SpringApplicationShutdownHook] com.alibaba.nacos.client.naming          : com.alibaba.nacos.client.naming.core.ServerListManager do shutdown begin
2025-10-27T20:17:13.688+08:00  WARN 24868 --- [micro-demo-order] [SpringApplicationShutdownHook] com.alibaba.nacos.client.naming          : [NamingHttpClientManager] Start destroying NacosRestTemplate
2025-10-27T20:17:13.689+08:00  WARN 24868 --- [micro-demo-order] [SpringApplicationShutdownHook] com.alibaba.nacos.client.naming          : [NamingHttpClientManager] Destruction of the end
2025-10-27T20:17:13.689+08:00  INFO 24868 --- [micro-demo-order] [SpringApplicationShutdownHook] com.alibaba.nacos.client.naming          : com.alibaba.nacos.client.naming.core.ServerListManager do shutdown stop
2025-10-27T20:17:13.690+08:00  INFO 24868 --- [micro-demo-order] [SpringApplicationShutdownHook] com.alibaba.nacos.client.naming          : com.alibaba.nacos.client.naming.remote.http.NamingHttpClientProxy do shutdown begin
2025-10-27T20:17:13.690+08:00  WARN 24868 --- [micro-demo-order] [SpringApplicationShutdownHook] com.alibaba.nacos.client.naming          : [NamingHttpClientManager] Start destroying NacosRestTemplate
2025-10-27T20:17:13.690+08:00  WARN 24868 --- [micro-demo-order] [SpringApplicationShutdownHook] com.alibaba.nacos.client.naming          : [NamingHttpClientManager] Destruction of the end
2025-10-27T20:17:13.690+08:00  INFO 24868 --- [micro-demo-order] [SpringApplicationShutdownHook] com.alibaba.nacos.client.naming          : com.alibaba.nacos.client.naming.remote.http.NamingHttpClientProxy do shutdown stop
2025-10-27T20:17:13.690+08:00  INFO 24868 --- [micro-demo-order] [SpringApplicationShutdownHook] com.alibaba.nacos.client.naming          : Shutdown naming grpc client proxy for  uuid->ac95d19b-1b41-44db-b7b8-6c53e1154304
2025-10-27T20:17:13.690+08:00  INFO 24868 --- [micro-demo-order] [SpringApplicationShutdownHook] com.alibaba.nacos.client.naming          : Shutdown grpc redo service executor java.util.concurrent.ScheduledThreadPoolExecutor@46c662f2[Running, pool size = 1, active threads = 0, queued tasks = 1, completed tasks = 7374]
2025-10-27T20:17:13.691+08:00  INFO 24868 --- [micro-demo-order] [SpringApplicationShutdownHook] com.alibaba.nacos.common.remote.client   : Shutdown rpc client, set status to shutdown
2025-10-27T20:17:13.691+08:00  INFO 24868 --- [micro-demo-order] [SpringApplicationShutdownHook] com.alibaba.nacos.common.remote.client   : Shutdown client event executor java.util.concurrent.ScheduledThreadPoolExecutor@7848321e[Running, pool size = 2, active threads = 2, queued tasks = 0, completed tasks = 0]
2025-10-27T20:17:13.692+08:00  INFO 24868 --- [micro-demo-order] [SpringApplicationShutdownHook] com.alibaba.nacos.common.remote.client   : Close current connection 1761529869101_127.0.0.1_55753
2025-10-27T20:17:13.696+08:00  INFO 24868 --- [micro-demo-order] [nacos-grpc-client-executor-localhost-4282] c.a.n.c.remote.client.grpc.GrpcClient    : [1761529869101_127.0.0.1_55753]Ignore complete event,isRunning:false,isAbandon=false
2025-10-27T20:17:13.711+08:00  INFO 24868 --- [micro-demo-order] [SpringApplicationShutdownHook] c.a.n.c.remote.client.grpc.GrpcClient    : Shutdown grpc executor java.util.concurrent.ThreadPoolExecutor@79cdf2d4[Running, pool size = 4, active threads = 0, queued tasks = 0, completed tasks = 4283]
2025-10-27T20:17:13.711+08:00  INFO 24868 --- [micro-demo-order] [SpringApplicationShutdownHook] com.alibaba.nacos.client.naming          : shutdown and remove naming rpc client  for uuid ->ac95d19b-1b41-44db-b7b8-6c53e1154304
2025-10-27T20:17:13.713+08:00  INFO 24868 --- [micro-demo-order] [SpringApplicationShutdownHook] c.a.n.c.a.r.identify.CredentialWatcher   : [null] CredentialWatcher is stopped
2025-10-27T20:17:13.713+08:00  INFO 24868 --- [micro-demo-order] [SpringApplicationShutdownHook] c.a.n.c.a.r.identify.CredentialService   : [null] CredentialService is freed
2025-10-27T20:17:13.714+08:00  INFO 24868 --- [micro-demo-order] [SpringApplicationShutdownHook] com.alibaba.nacos.client.naming          : com.alibaba.nacos.client.naming.remote.NamingClientProxyDelegate do shutdown stop
